
OpenSBI v1.7
   ____                    _____ ____ _____
  / __ \                  / ____|  _ \_   _|
 | |  | |_ __   ___ _ __ | (___ | |_) || |
 | |  | | '_ \ / _ \ '_ \ \___ \|  _ < | |
 | |__| | |_) |  __/ | | |____) | |_) || |_
  \____/| .__/ \___|_| |_|_____/|____/_____|
        | |
        |_|

Platform Name               : riscv-virtio,qemu
Platform Features           : medeleg
Platform HART Count         : 1
Platform IPI Device         : aclint-mswi
Platform Timer Device       : aclint-mtimer @ 10000000Hz
Platform Console Device     : uart8250
Platform HSM Device         : ---
Platform PMU Device         : ---
Platform Reboot Device      : syscon-reboot
Platform Shutdown Device    : syscon-poweroff
Platform Suspend Device     : ---
Platform CPPC Device        : ---
Firmware Base               : 0x80000000
Firmware Size               : 317 KB
Firmware RW Offset          : 0x40000
Firmware RW Size            : 61 KB
Firmware Heap Offset        : 0x46000
Firmware Heap Size          : 37 KB (total), 2 KB (reserved), 11 KB (used), 23 KB (free)
Firmware Scratch Size       : 4096 B (total), 1400 B (used), 2696 B (free)
Runtime SBI Version         : 3.0
Standard SBI Extensions     : time,rfnc,ipi,base,hsm,srst,pmu,dbcn,fwft,legacy,dbtr,sse
Experimental SBI Extensions : none

Domain0 Name                : root
Domain0 Boot HART           : 0
Domain0 HARTs               : 0*
Domain0 Region00            : 0x0000000000100000-0x0000000000100fff M: (I,R,W) S/U: (R,W)
Domain0 Region01            : 0x0000000010000000-0x0000000010000fff M: (I,R,W) S/U: (R,W)
Domain0 Region02            : 0x0000000002000000-0x000000000200ffff M: (I,R,W) S/U: ()
Domain0 Region03            : 0x0000000080040000-0x000000008004ffff M: (R,W) S/U: ()
Domain0 Region04            : 0x0000000080000000-0x000000008003ffff M: (R,X) S/U: ()
Domain0 Region05            : 0x000000000c400000-0x000000000c5fffff M: (I,R,W) S/U: (R,W)
Domain0 Region06            : 0x000000000c000000-0x000000000c3fffff M: (I,R,W) S/U: (R,W)
Domain0 Region07            : 0x0000000000000000-0xffffffffffffffff M: () S/U: (R,W,X)
Domain0 Next Address        : 0x0000000080200000
Domain0 Next Arg1           : 0x0000000087e00000
Domain0 Next Mode           : S-mode
Domain0 SysReset            : yes
Domain0 SysSuspend          : yes

Boot HART ID                : 0
Boot HART Domain            : root
Boot HART Priv Version      : v1.12
Boot HART Base ISA          : rv64imafdch
Boot HART ISA Extensions    : sstc,zicntr,zihpm,zicboz,zicbom,sdtrig,svadu
Boot HART PMP Count         : 16
Boot HART PMP Granularity   : 2 bits
Boot HART PMP Address Bits  : 54
Boot HART MHPM Info         : 16 (0x0007fff8)
Boot HART Debug Triggers    : 2 triggers
Boot HART MIDELEG           : 0x0000000000001666
Boot HART MEDELEG           : 0x0000000000f4b509
hello world!
[34m[INFO 0]enable pageing at 0x8000000000087fff[0m
[93m[WARN 0]Some kernel data maybe mapped to user, start = 0x000000008020f000, end = 0x0000000080210ab9[0m
[34m[INFO 0]start scheduler![0m
[34m[INFO 1]proc 1 exit with 1234[0m
Hello world from user mode program!
Test hello_world OK!
[34m[INFO 2]proc 2 exit with 0[0m
3^10000=5079
3^20000=8202
3^30000=8824
AAAAAAAAAA [1/5]
CCCCCCCCCC [1/5]
BBBBBBBBBB [1/5]
3^40000=5750
3^50000=3824
3^60000=8516
3^70000=2510
3^80000=9379
3^90000=2621
3^100000=2749
Test power OK!
[34m[INFO 3]proc 3 exit with 0[0m
AAAAAAAAAA [2/5]
CCCCCCCCCC [2/5]
BBBBBBBBBB [2/5]
AAAAAAAAAA [3/5]
CCCCCCCCCC [3/5]
BBBBBBBBBB [3/5]
AAAAAAAAAA [4/5]
CCCCCCCCCC [4/5]
BBBBBBBBBB [4/5]
AAAAAAAAAA [5/5]
CCCCCCCCCC [5/5]
BBBBBBBBBB [5/5]
Test write A OK!
[34m[INFO 4]proc 4 exit with 0[0m
Test write C OK!
[34m[INFO 5]proc 5 exit with 0[0m
Test write B OK!
[34m[INFO 6]proc 6 exit with 0[0m
[31m[PANIC 6] os/loader.c:14: all apps over[0m
