
OpenSBI v1.7
   ____                    _____ ____ _____
  / __ \                  / ____|  _ \_   _|
 | |  | |_ __   ___ _ __ | (___ | |_) || |
 | |  | | '_ \ / _ \ '_ \ \___ \|  _ < | |
 | |__| | |_) |  __/ | | |____) | |_) || |_
  \____/| .__/ \___|_| |_|_____/|____/_____|
        | |
        |_|

Platform Name               : riscv-virtio,qemu
Platform Features           : medeleg
Platform HART Count         : 1
Platform IPI Device         : aclint-mswi
Platform Timer Device       : aclint-mtimer @ 10000000Hz
Platform Console Device     : uart8250
Platform HSM Device         : ---
Platform PMU Device         : ---
Platform Reboot Device      : syscon-reboot
Platform Shutdown Device    : syscon-poweroff
Platform Suspend Device     : ---
Platform CPPC Device        : ---
Firmware Base               : 0x80000000
Firmware Size               : 317 KB
Firmware RW Offset          : 0x40000
Firmware RW Size            : 61 KB
Firmware Heap Offset        : 0x46000
Firmware Heap Size          : 37 KB (total), 2 KB (reserved), 11 KB (used), 23 KB (free)
Firmware Scratch Size       : 4096 B (total), 1400 B (used), 2696 B (free)
Runtime SBI Version         : 3.0
Standard SBI Extensions     : time,rfnc,ipi,base,hsm,srst,pmu,dbcn,fwft,legacy,dbtr,sse
Experimental SBI Extensions : none

Domain0 Name                : root
Domain0 Boot HART           : 0
Domain0 HARTs               : 0*
Domain0 Region00            : 0x0000000000100000-0x0000000000100fff M: (I,R,W) S/U: (R,W)
Domain0 Region01            : 0x0000000010000000-0x0000000010000fff M: (I,R,W) S/U: (R,W)
Domain0 Region02            : 0x0000000002000000-0x000000000200ffff M: (I,R,W) S/U: ()
Domain0 Region03            : 0x0000000080040000-0x000000008004ffff M: (R,W) S/U: ()
Domain0 Region04            : 0x0000000080000000-0x000000008003ffff M: (R,X) S/U: ()
Domain0 Region05            : 0x000000000c400000-0x000000000c5fffff M: (I,R,W) S/U: (R,W)
Domain0 Region06            : 0x000000000c000000-0x000000000c3fffff M: (I,R,W) S/U: (R,W)
Domain0 Region07            : 0x0000000000000000-0xffffffffffffffff M: () S/U: (R,W,X)
Domain0 Next Address        : 0x0000000080200000
Domain0 Next Arg1           : 0x0000000087e00000
Domain0 Next Mode           : S-mode
Domain0 SysReset            : yes
Domain0 SysSuspend          : yes

Boot HART ID                : 0
Boot HART Domain            : root
Boot HART Priv Version      : v1.12
Boot HART Base ISA          : rv64imafdch
Boot HART ISA Extensions    : sstc,zicntr,zihpm,zicboz,zicbom,sdtrig,svadu
Boot HART PMP Count         : 16
Boot HART PMP Granularity   : 2 bits
Boot HART PMP Address Bits  : 54
Boot HART MHPM Info         : 16 (0x0007fff8)
Boot HART Debug Triggers    : 2 triggers
Boot HART MIDELEG           : 0x0000000000001666
Boot HART MEDELEG           : 0x0000000000f4b509
[kernel] Hello, world!
[kernel] PageFault in application, bad addr = 0x0, bad instruction = 0x804003a4, kernel killed it.
system_opcode_insn: Invalid opcode for CSR read/write instruction[kernel] IllegalInstruction in application, kernel killed it.
[kernel] IllegalInstruction in application, kernel killed it.
Hello, world from user mode program!
power_3 [10000/200000]
power_3 [20000/200000]
power_3 [30000/200000]
power_3 [40000/200000]
power_5 [10000/140000]
power_5 [20000/140000]
power_5 [30000/140000]
power_5 [40000/140000]
power_5 [50000/140000]
power_7 [10000/160000]
power_7 [20000/160000]
power_7 [30000/160000]
power_7 [40000/160000]
power_7 [50000/160000]
get_time OK! 144
current time_msec = 145
AAAAAAAAAA [1/5]
BBBBBBBBBB [1/5]
CCCCCCCCCC [1/5]
power_3 [50000/200000]
power_3 [60000/200000]
power_3 [70000/200000]
power_3 [80000/200000]
power_5 [60000/140000]
power_5 [70000/140000]
power_5 [80000/140000]
power_5 [90000/140000]
power_5 [100000/140000]
power_5 [110000/140000]
power_5 [120000/140000]
power_7 [60000/160000]
power_7 [70000/160000]
power_7 [80000/160000]
power_7 [90000/160000]
power_7 [100000/160000]
power_7 [110000/160000]
power_7 [120000/160000]
AAAAAAAAAA [2/5]
BBBBBBBBBB [2/5]
CCCCCCCCCC [2/5]
power_3 [90000/200000]
power_3 [100000/200000]
power_3 [110000/200000]
power_3 [120000/200000]
power_3 [130000/200000]
power_3 [140000/200000]
power_5 [130000/140000]
power_5 [140000/140000]
5^140000 = 386471875(MOD 998244353)
Test power_5 OK!
power_7 [130000/160000]
power_7 [140000/160000]
power_7 [150000/160000]
power_7 [160000/160000]
7^160000 = 667897727(MOD 998244353)
Test power_7 OK!
AAAAAAAAAA [3/5]
BBBBBBBBBB [3/5]
CCCCCCCCCC [3/5]
power_3 [150000/200000]
AAAAAAAAAA [4/5]
BBBBBBBBBB [4/5]
CCCCCCCCCC [4/5]
power_3 [160000/200000]
power_3 [170000/200000]
power_3 [180000/200000]
power_3 [190000/200000]
power_3 [200000/200000]
3^200000 = 871008973(MOD 998244353)
Test power_3 OK!
AAAAAAAAAA [5/5]
BBBBBBBBBB [5/5]
CCCCCCCCCC [5/5]
Test write A OK!
Test write B OK!
Test write C OK!
time_msec = 245 after sleeping 100 ticks, delta = 100ms!
Test sleep1 passed!
string from task trace test

Test trace OK!
Test sleep OK!
[kernel] All applications completed!
