
OpenSBI v1.7
   ____                    _____ ____ _____
  / __ \                  / ____|  _ \_   _|
 | |  | |_ __   ___ _ __ | (___ | |_) || |
 | |  | | '_ \ / _ \ '_ \ \___ \|  _ < | |
 | |__| | |_) |  __/ | | |____) | |_) || |_
  \____/| .__/ \___|_| |_|_____/|____/_____|
        | |
        |_|

Platform Name               : riscv-virtio,qemu
Platform Features           : medeleg
Platform HART Count         : 1
Platform IPI Device         : aclint-mswi
Platform Timer Device       : aclint-mtimer @ 10000000Hz
Platform Console Device     : uart8250
Platform HSM Device         : ---
Platform PMU Device         : ---
Platform Reboot Device      : syscon-reboot
Platform Shutdown Device    : syscon-poweroff
Platform Suspend Device     : ---
Platform CPPC Device        : ---
Firmware Base               : 0x80000000
Firmware Size               : 317 KB
Firmware RW Offset          : 0x40000
Firmware RW Size            : 61 KB
Firmware Heap Offset        : 0x46000
Firmware Heap Size          : 37 KB (total), 2 KB (reserved), 11 KB (used), 23 KB (free)
Firmware Scratch Size       : 4096 B (total), 1400 B (used), 2696 B (free)
Runtime SBI Version         : 3.0
Standard SBI Extensions     : time,rfnc,ipi,base,hsm,srst,pmu,dbcn,fwft,legacy,dbtr,sse
Experimental SBI Extensions : none

Domain0 Name                : root
Domain0 Boot HART           : 0
Domain0 HARTs               : 0*
Domain0 Region00            : 0x0000000000100000-0x0000000000100fff M: (I,R,W) S/U: (R,W)
Domain0 Region01            : 0x0000000010000000-0x0000000010000fff M: (I,R,W) S/U: (R,W)
Domain0 Region02            : 0x0000000002000000-0x000000000200ffff M: (I,R,W) S/U: ()
Domain0 Region03            : 0x0000000080040000-0x000000008004ffff M: (R,W) S/U: ()
Domain0 Region04            : 0x0000000080000000-0x000000008003ffff M: (R,X) S/U: ()
Domain0 Region05            : 0x000000000c400000-0x000000000c5fffff M: (I,R,W) S/U: (R,W)
Domain0 Region06            : 0x000000000c000000-0x000000000c3fffff M: (I,R,W) S/U: (R,W)
Domain0 Region07            : 0x0000000000000000-0xffffffffffffffff M: () S/U: (R,W,X)
Domain0 Next Address        : 0x0000000080200000
Domain0 Next Arg1           : 0x0000000087e00000
Domain0 Next Mode           : S-mode
Domain0 SysReset            : yes
Domain0 SysSuspend          : yes

Boot HART ID                : 0
Boot HART Domain            : root
Boot HART Priv Version      : v1.12
Boot HART Base ISA          : rv64imafdch
Boot HART ISA Extensions    : sstc,zicntr,zihpm,zicboz,zicbom,sdtrig,svadu
Boot HART PMP Count         : 16
Boot HART PMP Granularity   : 2 bits
Boot HART PMP Address Bits  : 54
Boot HART MHPM Info         : 16 (0x0007fff8)
Boot HART Debug Triggers    : 2 triggers
Boot HART MIDELEG           : 0x0000000000001666
Boot HART MEDELEG           : 0x0000000000f4b509

       d8888                            .d88888b.   .d8888b.
      d88888                           d88P" "Y88b d88P  Y88b
     d88P888                           888     888 Y88b.
    d88P 888 888d888  .d8888b  .d88b.  888     888  "Y888b.
   d88P  888 888P"   d88P"    d8P  Y8b 888     888     "Y88b.
  d88P   888 888     888      88888888 888     888       "888
 d8888888888 888     Y88b.    Y8b.     Y88b. .d88P Y88b  d88P
d88P     888 888      "Y8888P  "Y8888   "Y88888P"   "Y8888P"

arch = riscv64
platform = riscv64-qemu-virt
target = 
build_mode = 
log_level = info
backtrace = false
smp = 1

[37m[  0.086525 0 axruntime:161] [32mLogging is enabled.[m
[m[37m[  0.086556 0 axruntime:162] [32mPrimary CPU 0 started, arg = 0x87e00000.[m
[m[37m[  0.086596 0 axruntime:164] [32mFound physcial memory regions:[m
[m[37m[  0.086704 0 axruntime:166] [32m  [PA:0x101000, PA:0x102000) mmio (READ | WRITE | DEVICE | RESERVED)[m
[m[37m[  0.086758 0 axruntime:166] [32m  [PA:0xc000000, PA:0xc210000) mmio (READ | WRITE | DEVICE | RESERVED)[m
[m[37m[  0.086813 0 axruntime:166] [32m  [PA:0x10000000, PA:0x10001000) mmio (READ | WRITE | DEVICE | RESERVED)[m
[m[37m[  0.086868 0 axruntime:166] [32m  [PA:0x10001000, PA:0x10009000) mmio (READ | WRITE | DEVICE | RESERVED)[m
[m[37m[  0.086924 0 axruntime:166] [32m  [PA:0x20000000, PA:0x24000000) mmio (READ | WRITE | DEVICE | RESERVED)[m
[m[37m[  0.086979 0 axruntime:166] [32m  [PA:0x30000000, PA:0x40000000) mmio (READ | WRITE | DEVICE | RESERVED)[m
[m[37m[  0.087034 0 axruntime:166] [32m  [PA:0x40000000, PA:0x80000000) mmio (READ | WRITE | DEVICE | RESERVED)[m
[m[37m[  0.087090 0 axruntime:166] [32m  [PA:0x80200000, PA:0x80217000) .text (READ | EXECUTE | RESERVED)[m
[m[37m[  0.087143 0 axruntime:166] [32m  [PA:0x80217000, PA:0x80220000) .rodata (READ | RESERVED)[m
[m[37m[  0.087194 0 axruntime:166] [32m  [PA:0x80220000, PA:0x80225000) .data .tdata .tbss .percpu (READ | WRITE | RESERVED)[m
[m[37m[  0.087251 0 axruntime:166] [32m  [PA:0x80225000, PA:0x80265000) boot stack (READ | WRITE | RESERVED)[m
[m[37m[  0.087305 0 axruntime:166] [32m  [PA:0x80265000, PA:0x80269000) .bss (READ | WRITE | RESERVED)[m
[m[37m[  0.087358 0 axruntime:166] [32m  [PA:0x80269000, PA:0x88000000) free memory (READ | WRITE | FREE)[m
[m[37m[  0.087411 0 axruntime:252] [32mInitialize global memory allocator...[m
[m[37m[  0.087446 0 axruntime:253] [32m  use TLSF allocator.[m
[m[37m[  0.088321 0 axruntime:180] [32mkernel aspace: [VA:0xffffffc000000000, VA:0xfffffffffffff000)[m
[m[37m[  0.088370 0 axmm:90] [32mInitialize virtual memory management...[m
[m[37m[  0.539524 0 axruntime:192] [32mInitialize platform devices...[m
[m[37m[  0.539557 0 axtask::api:86] [32mInitialize scheduling...[m
[m[37m[  0.539857 0 axtask::api:91] [32m  use FIFO scheduler.[m
[m[37m[  0.539890 0 axruntime:230] [32mPrimary CPU 0 init OK.[m
[mMulti-task is starting ...
Spawned-thread is running ...
Try to access pflash dev region [0xFFFFFFC022000000], got 0x414C4650
Got pflash magic: PFLA
Multi-task OK!
[37m[  0.540345 0:2 axplat_riscv64_qemu_virt::power:25] [32mShutting down...[m
[m